// Jest Snapshot v1, https://goo.gl/fbAQLP

exports[`Pruebas en <GifExpertApp /> Debe de hacer match con el Snapshot 1`] = `
<div>
  <h1>
    GifExpertApp
  </h1>
  <form
    aria-label="form"
  >
    <input
      placeholder="Buscar GIF"
      type="text"
      value=""
    />
  </form>
  <h3>
    Death Note
  </h3>
  <h2>
    Cargando...
  </h2>
  <section
    class="card-grid"
  />
</div>
`;
